<html>
<body>
<pre>
<h1>µVision Build Log</h1>
<h2>Tool Versions:</h2>
IDE-Version: ¦ÌVision V5.38.0.0
Copyright (C) 2022 ARM Ltd and ARM Germany GmbH. All rights reserved.
License Information: null null, null, LIC=585FJ-UUQSD-8TN3P-M7M5P-X3RTQ-KJM0Z
 
Tool Versions:
Toolchain:       MDK-ARM Plus  Version: 5.38.0.0
Toolchain Path:  D:\Keil_v5\ARM\ARMCC\Bin
C Compiler:      Armcc.exe V5.06 update 5 (build 528)
Assembler:       Armasm.exe V5.06 update 5 (build 528)
Linker/Locator:  ArmLink.exe V5.06 update 5 (build 528)
Library Manager: ArmAr.exe V5.06 update 5 (build 528)
Hex Converter:   FromElf.exe V5.06 update 5 (build 528)
CPU DLL:         SARMCM3.DLL V5.38.0.0
Dialog DLL:      DCM.DLL V1.17.5.0
Target DLL:      STLink\ST-LINKIII-KEIL_SWO.dll V3.1.0.0
Dialog DLL:      TCM.DLL V1.56.4.0
 
<h2>Project:</h2>
D:\A_Scholastic\23\nuedc\32\STM32ADC_Equivalent_Sampling\MDK-ARM\STM32ADC_Equivalent_Sampling.uvprojx
Project File Date:  07/05/2024

<h2>Output:</h2>
*** Using Compiler 'V5.06 update 5 (build 528)', folder: 'D:\Keil_v5\ARM\ARMCC\Bin'
Build target 'STM32ADC_Equivalent_Sampling'
assembling startup_stm32g474xx.s...
compiling stm32g4xx_ll_adc.c...
compiling dac.c...
compiling gpio.c...
compiling stm32g4xx_it.c...
compiling comp.c...
compiling tim.c...
compiling stm32g4xx_hal.c...
compiling adc.c...
compiling main.c...
../Src/main.c(100): warning:  #177-D: variable "ext_vp"  was declared but never referenced
    float ext_vp = 1.0;
../Src/main.c: 1 warning, 0 errors
compiling stm32g4xx_hal_msp.c...
compiling stm32g4xx_hal_adc_ex.c...
compiling stm32g4xx_hal_adc.c...
compiling stm32g4xx_hal_gpio.c...
compiling stm32g4xx_hal_exti.c...
compiling stm32g4xx_hal_dma.c...
compiling stm32g4xx_hal_pwr.c...
compiling stm32g4xx_hal_flash_ramfunc.c...
compiling stm32g4xx_hal_flash.c...
compiling stm32g4xx_hal_dma_ex.c...
compiling stm32g4xx_hal_pwr_ex.c...
compiling stm32g4xx_hal_flash_ex.c...
compiling stm32g4xx_hal_rcc.c...
compiling stm32g4xx_hal_rcc_ex.c...
compiling system_stm32g4xx.c...
compiling interrupt.c...
compiling stm32g4xx_hal_dac_ex.c...
compiling stm32g4xx_hal_dac.c...
compiling stm32g4xx_hal_cortex.c...
compiling stm32g4xx_hal_comp.c...
compiling my_adc.c...
..\bsp\my_adc.c(10): warning:  #1-D: last line of file ends without a newline
  }
..\bsp\my_adc.c: 1 warning, 0 errors
compiling LED.c...
compiling stm32g4xx_hal_tim_ex.c...
compiling stm32g4xx_hal_tim.c...
linking...
Program Size: Code=9846 RO-data=522 RW-data=16 ZI-data=1872  
FromELF: creating hex file...
"STM32ADC_Equivalent_Sampling\STM32ADC_Equivalent_Sampling.axf" - 0 Error(s), 2 Warning(s).

<h2>Software Packages used:</h2>

Package Vendor: ARM
                http://www.keil.com/pack/ARM.CMSIS.5.9.0.pack
                ARM.CMSIS.5.9.0
                CMSIS (Common Microcontroller Software Interface Standard)
   * Component: CORE Version: 5.6.0

Package Vendor: Keil
                https://www.keil.com/pack/Keil.STM32G4xx_DFP.1.5.0.pack
                Keil.STM32G4xx_DFP.1.5.0
                STMicroelectronics STM32G4 Series Device Support, Drivers and Examples

<h2>Collection of Component include folders:</h2>
  ./RTE/_STM32ADC_Equivalent_Sampling
  D:/Users/null/AppData/Local/Arm/Packs/ARM/CMSIS/5.9.0/CMSIS/Core/Include
  D:/Users/null/AppData/Local/Arm/Packs/Keil/STM32G4xx_DFP/1.5.0/Drivers/CMSIS/Device/ST/STM32G4xx/Include

<h2>Collection of Component Files used:</h2>

   * Component: ARM::CMSIS:CORE:5.6.0
      Include file:  CMSIS/Core/Include/tz_context.h
Build Time Elapsed:  00:00:38
</pre>
</body>
</html>
